Microchip MPLAB XC8 Compiler V2.46

Linker command line:

-W-3 \
  --edf=C:/Program Files/Microchip/MPLABX/v6.20/packs/Microchip/PIC16F1xxxx_DFP/1.24.387/xc8\pic\dat\20240111205957_en.msgs \
  -cn -h+dist/default/production\PIC16F.X.production.sym \
  --cmf=dist/default/production\PIC16F.X.production.cmf -z -Q16F18877 \
  -oC:\Users\chris\AppData\Local\Temp\xcAs9ro.\driver_tmp_3.o \
  --defsym=__MPLAB_BUILD=1 --fixupoverflow=error \
  -Mdist/default/production/PIC16F.X.production.map \
  --md=C:\Users\chris\AppData\Local\Temp\xcAs9ro.\driver_tmp_0.dat -E1 \
  -ver=XC8 Compiler --acfsm=1493 -AHEAP=020A9h-02DEFh -pheap=HEAP \
  -ACODE=00h-07FFhx16 -ASTRCODE=00h-07FFFh -ASTRING=00h-0FFhx128 \
  -ACONST=00h-0FFhx128 -AENTRY=00h-0FFhx128 -ACOMMON=070h-07Fh \
  -ABANK0=020h-06Fh -ABANK1=0A0h-0EFh -ABANK2=0120h-016Fh \
  -ABANK3=01A0h-01EFh -ABANK4=0220h-026Fh -ABANK5=02A0h-02EFh \
  -ABANK6=0320h-036Fh -ABANK7=03A0h-03EFh -ABANK8=0420h-046Fh \
  -ABANK9=04A0h-04EFh -ABANK10=0520h-056Fh -ABANK11=05A0h-05EFh \
  -ABANK12=0620h-066Fh -ABANK13=06A0h-06EFh -ABANK14=0720h-076Fh \
  -ABANK15=07A0h-07EFh -ABANK16=0820h-086Fh -ABANK17=08A0h-08EFh \
  -ABANK18=0920h-096Fh -ABANK19=09A0h-09EFh -ABANK20=0A20h-0A6Fh \
  -ABANK21=0AA0h-0AEFh -ABANK22=0B20h-0B6Fh -ABANK23=0BA0h-0BEFh \
  -ABANK24=0C20h-0C6Fh -ABANK25=0CA0h-0CEFh -ABANK26=0D20h-0D6Fh \
  -ABANK27=0DA0h-0DEFh -ABANK28=0E20h-0E6Fh -ABANK29=0EA0h-0EEFh \
  -ABANK30=0F20h-0F6Fh -ABANK31=0FA0h-0FEFh -ABANK32=01020h-0106Fh \
  -ABANK33=010A0h-010EFh -ABANK34=01120h-0116Fh -ABANK35=011A0h-011EFh \
  -ABANK36=01220h-0126Fh -ABANK37=012A0h-012EFh -ABANK38=01320h-0136Fh \
  -ABANK39=013A0h-013EFh -ABANK40=01420h-0146Fh -ABANK41=014A0h-014EFh \
  -ABANK42=01520h-0156Fh -ABANK43=015A0h-015EFh -ABANK44=01620h-0166Fh \
  -ABANK45=016A0h-016EFh -ABANK46=01720h-0176Fh -ABANK47=017A0h-017EFh \
  -ABANK48=01820h-0186Fh -ABANK49=018A0h-018EFh -ABANK50=01920h-0196Fh \
  -ABIGRAM=02000h-02FEFh \
  -ARAM=020h-06Fh,0A0h-0EFh,0120h-016Fh,01A0h-01EFh,0220h-026Fh,02A0h-02EFh,0320h-036Fh,03A0h-03EFh,0420h-046Fh,04A0h-04EFh,0520h-056Fh,05A0h-05EFh,0620h-066Fh,06A0h-06EFh,0720h-076Fh,07A0h-07EFh,0820h-086Fh,08A0h-08EFh,0920h-096Fh,09A0h-09EFh,0A20h-0A6Fh,0AA0h-0AEFh,0B20h-0B6Fh,0BA0h-0BEFh,0C20h-0C6Fh,0CA0h-0CEFh,0D20h-0D6Fh,0DA0h-0DEFh,0E20h-0E6Fh,0EA0h-0EEFh,0F20h-0F6Fh,0FA0h-0FEFh,01020h-0106Fh,010A0h-010EFh,01120h-0116Fh,011A0h-011EFh,01220h-0126Fh,012A0h-012EFh,01320h-0136Fh,013A0h-013EFh,01420h-0146Fh,014A0h-014EFh,01520h-0156Fh,015A0h-015EFh,01620h-0166Fh,016A0h-016EFh,01720h-0176Fh,017A0h-017EFh,01820h-0186Fh,018A0h-018EFh,01920h-0196Fh \
  -AABS1=020h-07Fh,0A0h-0EFh,0120h-016Fh,01A0h-01EFh,0220h-026Fh,02A0h-02EFh,0320h-036Fh,03A0h-03EFh,0420h-046Fh,04A0h-04EFh,0520h-056Fh,05A0h-05EFh,0620h-066Fh,06A0h-06EFh,0720h-076Fh,07A0h-07EFh,0820h-086Fh,08A0h-08EFh,0920h-096Fh,09A0h-09EFh,0A20h-0A6Fh,0AA0h-0AEFh,0B20h-0B6Fh,0BA0h-0BEFh,0C20h-0C6Fh,0CA0h-0CEFh,0D20h-0D6Fh,0DA0h-0DEFh,0E20h-0E6Fh,0EA0h-0EEFh,0F20h-0F6Fh,0FA0h-0FEFh,01020h-0106Fh,010A0h-010EFh,01120h-0116Fh,011A0h-011EFh,01220h-0126Fh,012A0h-012EFh,01320h-0136Fh,013A0h-013EFh,01420h-0146Fh,014A0h-014EFh,01520h-0156Fh,015A0h-015EFh,01620h-0166Fh,016A0h-016EFh,01720h-0176Fh,017A0h-017EFh,01820h-0186Fh,018A0h-018EFh,01920h-0196Fh \
  -ASFR0=00h-01Fh -ASFR1=080h-09Fh -ASFR2=0100h-011Fh -ASFR3=0180h-019Fh \
  -ASFR4=0200h-021Fh -ASFR5=0280h-029Fh -ASFR6=0300h-031Fh \
  -ASFR7=0380h-039Fh -ASFR8=0400h-041Fh -ASFR9=0480h-049Fh \
  -ASFR10=0500h-051Fh -ASFR11=0580h-059Fh -ASFR12=0600h-061Fh \
  -ASFR13=0680h-069Fh -ASFR14=0700h-071Fh -ASFR15=0780h-079Fh \
  -ASFR16=0800h-081Fh -ASFR17=0880h-089Fh -ASFR18=0900h-091Fh \
  -ASFR19=0980h-099Fh -ASFR20=0A00h-0A1Fh -ASFR21=0A80h-0A9Fh \
  -ASFR22=0B00h-0B1Fh -ASFR23=0B80h-0B9Fh -ASFR24=0C00h-0C1Fh \
  -ASFR25=0C80h-0C9Fh -ASFR26=0D00h-0D1Fh -ASFR27=0D80h-0D9Fh \
  -ASFR28=0E00h-0E1Fh -ASFR29=0E80h-0E9Fh -ASFR30=0F00h-0F1Fh \
  -ASFR31=0F80h-0F9Fh -ASFR32=01000h-0101Fh -ASFR33=01080h-0109Fh \
  -ASFR34=01100h-0111Fh -ASFR35=01180h-0119Fh -ASFR36=01200h-0121Fh \
  -ASFR37=01280h-0129Fh -ASFR38=01300h-0131Fh -ASFR39=01380h-0139Fh \
  -ASFR40=01400h-0141Fh -ASFR41=01480h-0149Fh -ASFR42=01500h-0151Fh \
  -ASFR43=01580h-0159Fh -ASFR44=01600h-0161Fh -ASFR45=01680h-0169Fh \
  -ASFR46=01700h-0171Fh -ASFR47=01780h-0179Fh -ASFR48=01800h-0181Fh \
  -ASFR49=01880h-0189Fh -ASFR50=01900h-0191Fh -ASFR51=01980h-019EFh \
  -ASFR52=01A00h-01A6Fh -ASFR53=01A80h-01AEFh -ASFR54=01B00h-01B6Fh \
  -ASFR55=01B80h-01BEFh -ASFR56=01C00h-01C6Fh -ASFR57=01C80h-01CEFh \
  -ASFR58=01D00h-01D6Fh -ASFR59=01D80h-01DEFh -ASFR60=01E00h-01E6Fh \
  -ASFR61=01E80h-01EEFh -ASFR62=01F00h-01F6Fh -ASFR63=01F80h-01FEFh \
  -ACONFIG=08007h-0800Bh -DCONFIG=2 -AIDLOC=08000h-08003h -DIDLOC=2 \
  -AEEDATA=00h-0FFh/0F000h -peeprom_data=EEDATA -DEEDATA=2 -DCODE=2 \
  -DSTRCODE=2 -DSTRING=2 -DCONST=2 -DENTRY=2 \
  -preset_vec=00h,intentry=04h,sivt,init,end_init -ppowerup=CODE \
  -pcinit=CODE -pfunctab=ENTRY -k \
  C:\Users\chris\AppData\Local\Temp\xcAs9ro.\driver_tmp_15.o \
  dist/default/production\PIC16F.X.production.o 

Object code version is 3.11

Machine type is 16F18877



                Name                               Link     Load   Length Selector   Space Scale
C:\Users\chris\AppData\Local\Temp\xcAs9ro.\driver_tmp_15.o
                heap                               20A9     20A9      D47     20A9       7
                end_init                             28       28        2        8       0
                reset_vec                             0        0        2        0       0
                config                             8007     8007        5        0       4
dist/default/production\PIC16F.X.production.o
                cinit                                2A       2A       29        8       0
                intentry                              4        4       24        8       0
                config                             8007     8007        5        0       4
                text40                                2        2        1        0       0
                text39                              939      939        4     1272       0
                text38                              E30      E30       75     1C60       0
                text37                                3        3        1        6       0
                text35                              93D      93D        8     127A       0
                text34                              AA9      AA9       30     1552       0
                text33                              A31      A31       20     1462       0
                text32                              779      779       7D        8       0
                text31                              B09      B09       32     1612       0
                text30                              A12      A12       1F     1424       0
                text29                              B3B      B3B       33     1676       0
                text28                              B6E      B6E       33     16DC       0
                text27                              D5A      D5A       63     1AB4       0
                text26                              9DC      9DC       19     13B8       0
                text25                              C98      C98       60     1930       0
                text24                              EA5      EA5       9E     1D4A       0
                text23                              C3D      C3D       5B     187A       0
                text22                              659      659      120        8       0
                text21                              F43      F43       BD     1E86       0
                text20                              3C5      3C5      294        8       0
                text19                              DBD      DBD       73     1B7A       0
                text18                              AD9      AD9       30     15B2       0
                text17                              A51      A51       2B     14A2       0
                text16                              9F5      9F5       1D     13EA       0
                text15                              CF8      CF8       62     19F0       0
                text14                               53       53      372        8       0
                text13                              BA1      BA1       4A     1742       0
                text12                              957      957        B     12AE       0
                text11                              7F6      7F6        A        8       0
                text10                              985      985        F     130A       0
                text9                               994      994        F     1328       0
                text8                               9A3      9A3        F     1346       0
                text7                               A7C      A7C       2D     14F8       0
                text6                               945      945        9     128A       0
                text5                               96D      96D        C     12DA       0
                text4                               BEB      BEB       52     17D6       0
                text3                               94E      94E        9     129C       0
                text2                               9C5      9C5       17     138A       0
                text1                               9B2      9B2       13     1364       0
                maintext                            962      962        B     12C4       0
                cstackBANK0                          20       20       4F       20       1
                cstackCOMMON                         70       70        6       70       1
                cstackBANK1                          C9       C9       22       A0       1
                clrtext                             979      979        C     12F2       0
                bssBANK2                            120      120        9      120       1
                bssBANK1                             A0       A0       29       A0       1
                bssCOMMON                            76       76        5       70       1
                stringtext14                       10E2     10E2        2     2000       0
                stringtext13                       10DB     10DB        7     2000       0
                stringtext12                       10D3     10D3        8     2000       0
                stringtext11                       10C9     10C9        A     2000       0
                stringtext10                       10BE     10BE        B     2000       0
                stringtext9                        10A5     10A5        D     2000       0
                stringtext8                        1097     1097        E     2000       0
                stringtext7                        1088     1088        F     2000       0
                stringtext6                        1079     1079        F     2000       0
                stringtext5                        1068     1068       11     2000       0
                stringtext4                        104C     104C       1C     2000       0
                stringtext3                        10B2     10B2        C     2000       0
                stringtext2                        1030     1030       1C     2000       0
                stringtext1                        1000     1000       30     2000       0

TOTAL           Name                               Link     Load   Length     Space
        CLASS   HEAP           
                heap                               20A9     20A9      D47         7

        CLASS   CODE           
                end_init                             28       28        2         0
                cinit                                2A       2A       29         0
                intentry                              4        4       24         0
                reset_vec                             0        0        2         0
                text40                                2        2        1         0
                text39                              939      939        4         0
                text38                              E30      E30       75         0
                text37                                3        3        1         0
                text35                              93D      93D        8         0
                text34                              AA9      AA9       30         0
                text33                              A31      A31       20         0
                text32                              779      779       7D         0
                text31                              B09      B09       32         0
                text30                              A12      A12       1F         0
                text29                              B3B      B3B       33         0
                text28                              B6E      B6E       33         0
                text27                              D5A      D5A       63         0
                text26                              9DC      9DC       19         0
                text25                              C98      C98       60         0
                text24                              EA5      EA5       9E         0
                text23                              C3D      C3D       5B         0
                text22                              659      659      120         0
                text21                              F43      F43       BD         0
                text20                              3C5      3C5      294         0
                text19                              DBD      DBD       73         0
                text18                              AD9      AD9       30         0
                text17                              A51      A51       2B         0
                text16                              9F5      9F5       1D         0
                text15                              CF8      CF8       62         0
                text14                               53       53      372         0
                text13                              BA1      BA1       4A         0
                text12                              957      957        B         0
                text11                              7F6      7F6        A         0
                text10                              985      985        F         0
                text9                               994      994        F         0
                text8                               9A3      9A3        F         0
                text7                               A7C      A7C       2D         0
                text6                               945      945        9         0
                text5                               96D      96D        C         0
                text4                               BEB      BEB       52         0
                text3                               94E      94E        9         0
                text2                               9C5      9C5       17         0
                text1                               9B2      9B2       13         0
                maintext                            962      962        B         0
                clrtext                             979      979        C         0

        CLASS   STRCODE        
                stringtext14                       10E2     10E2        2         0
                stringtext13                       10DB     10DB        7         0
                stringtext12                       10D3     10D3        8         0
                stringtext11                       10C9     10C9        A         0
                stringtext10                       10BE     10BE        B         0
                stringtext9                        10A5     10A5        D         0
                stringtext8                        1097     1097        E         0
                stringtext7                        1088     1088        F         0
                stringtext6                        1079     1079        F         0
                stringtext5                        1068     1068       11         0
                stringtext4                        104C     104C       1C         0
                stringtext3                        10B2     10B2        C         0
                stringtext2                        1030     1030       1C         0
                stringtext1                        1000     1000       30         0

        CLASS   STRING         

        CLASS   CONST          

        CLASS   ENTRY          

        CLASS   COMMON         
                cstackCOMMON                         70       70        6         1
                bssCOMMON                            76       76        5         1

        CLASS   BANK0          
                cstackBANK0                          20       20       4F         1

        CLASS   BANK1          
                cstackBANK1                          C9       C9       22         1
                bssBANK1                             A0       A0       29         1

        CLASS   BANK2          
                bssBANK2                            120      120        9         1

        CLASS   BANK3          

        CLASS   BANK4          

        CLASS   BANK5          

        CLASS   BANK6          

        CLASS   BANK7          

        CLASS   BANK8          

        CLASS   BANK9          

        CLASS   BANK10         

        CLASS   BANK11         

        CLASS   BANK12         

        CLASS   BANK13         

        CLASS   BANK14         

        CLASS   BANK15         

        CLASS   BANK16         

        CLASS   BANK17         

        CLASS   BANK18         

        CLASS   BANK19         

        CLASS   BANK20         

        CLASS   BANK21         

        CLASS   BANK22         

        CLASS   BANK23         

        CLASS   BANK24         

        CLASS   BANK25         

        CLASS   BANK26         

        CLASS   BANK27         

        CLASS   BANK28         

        CLASS   BANK29         

        CLASS   BANK30         

        CLASS   BANK31         

        CLASS   BANK32         

        CLASS   BANK33         

        CLASS   BANK34         

        CLASS   BANK35         

        CLASS   BANK36         

        CLASS   BANK37         

        CLASS   BANK38         

        CLASS   BANK39         

        CLASS   BANK40         

        CLASS   BANK41         

        CLASS   BANK42         

        CLASS   BANK43         

        CLASS   BANK44         

        CLASS   BANK45         

        CLASS   BANK46         

        CLASS   BANK47         

        CLASS   BANK48         

        CLASS   BANK49         

        CLASS   BANK50         

        CLASS   BIGRAM         

        CLASS   RAM            

        CLASS   ABS1           
                abs_s1                               7E       7E        2         1
                abs_s1                             1650     1650       20         1
                abs_s1                             16A0     16A0       50         1
                abs_s1                             1720     1720       50         1
                abs_s1                             17A0     17A0       50         1
                abs_s1                             1820     1820       50         1
                abs_s1                             18A0     18A0       50         1
                abs_s1                             1920     1920       50         1
                abs_s1                             2DF0     2DF0        0         1
                abs_s1                             2EF0     2EF0        0         1
                abs_s1                             2F70     2F70        0         1

        CLASS   SFR0           

        CLASS   SFR1           

        CLASS   SFR2           

        CLASS   SFR3           

        CLASS   SFR4           

        CLASS   SFR5           

        CLASS   SFR6           

        CLASS   SFR7           

        CLASS   SFR8           

        CLASS   SFR9           

        CLASS   SFR10          

        CLASS   SFR11          

        CLASS   SFR12          

        CLASS   SFR13          

        CLASS   SFR14          

        CLASS   SFR15          

        CLASS   SFR16          

        CLASS   SFR17          

        CLASS   SFR18          

        CLASS   SFR19          

        CLASS   SFR20          

        CLASS   SFR21          

        CLASS   SFR22          

        CLASS   SFR23          

        CLASS   SFR24          

        CLASS   SFR25          

        CLASS   SFR26          

        CLASS   SFR27          

        CLASS   SFR28          

        CLASS   SFR29          

        CLASS   SFR30          

        CLASS   SFR31          

        CLASS   SFR32          

        CLASS   SFR33          

        CLASS   SFR34          

        CLASS   SFR35          

        CLASS   SFR36          

        CLASS   SFR37          

        CLASS   SFR38          

        CLASS   SFR39          

        CLASS   SFR40          

        CLASS   SFR41          

        CLASS   SFR42          

        CLASS   SFR43          

        CLASS   SFR44          

        CLASS   SFR45          

        CLASS   SFR46          

        CLASS   SFR47          

        CLASS   SFR48          

        CLASS   SFR49          

        CLASS   SFR50          

        CLASS   SFR51          

        CLASS   SFR52          

        CLASS   SFR53          

        CLASS   SFR54          

        CLASS   SFR55          

        CLASS   SFR56          

        CLASS   SFR57          

        CLASS   SFR58          

        CLASS   SFR59          

        CLASS   SFR60          

        CLASS   SFR61          

        CLASS   SFR62          

        CLASS   SFR63          

        CLASS   CONFIG         
                config                             8007     8007        5         4

        CLASS   IDLOC          

        CLASS   EEDATA         

        CLASS   BANK63         

        CLASS   BANK62         

        CLASS   BANK61         

        CLASS   BANK60         

        CLASS   BANK59         

        CLASS   BANK58         

        CLASS   BANK57         

        CLASS   BANK56         

        CLASS   BANK55         

        CLASS   BANK54         

        CLASS   BANK53         

        CLASS   BANK52         

        CLASS   BANK51         

        CLASS   STACK          



SEGMENTS        Name                           Load    Length   Top    Selector   Space  Class     Delta

                reset_vec                      000000  000003  000003         0       0  CODE        2
                text37                         000003  000001  000004         6       0  CODE        2
                intentry                       000004  0007FC  000800         8       0  CODE        2
                cstackBANK0                    000020  00004F  00006F        20       1  BANK0       1
                cstackCOMMON                   000070  00000B  00007B        70       1  COMMON      1
                bssBANK1                       0000A0  00004B  0000EB        A0       1  BANK1       1
                bssBANK2                       000120  000009  000129       120       1  BANK2       1
                text39                         000939  000004  00093D      1272       0  CODE        2
                text35                         00093D  000008  000945      127A       0  CODE        2
                text6                          000945  000009  00094E      128A       0  CODE        2
                text3                          00094E  000009  000957      129C       0  CODE        2
                text12                         000957  00000B  000962      12AE       0  CODE        2
                maintext                       000962  00000B  00096D      12C4       0  CODE        2
                text5                          00096D  00000C  000979      12DA       0  CODE        2
                clrtext                        000979  00000C  000985      12F2       0  CODE        2
                text10                         000985  00000F  000994      130A       0  CODE        2
                text9                          000994  00000F  0009A3      1328       0  CODE        2
                text8                          0009A3  00000F  0009B2      1346       0  CODE        2
                text1                          0009B2  000013  0009C5      1364       0  CODE        2
                text2                          0009C5  000017  0009DC      138A       0  CODE        2
                text26                         0009DC  000019  0009F5      13B8       0  CODE        2
                text16                         0009F5  00001D  000A12      13EA       0  CODE        2
                text30                         000A12  00001F  000A31      1424       0  CODE        2
                text33                         000A31  000020  000A51      1462       0  CODE        2
                text17                         000A51  00002B  000A7C      14A2       0  CODE        2
                text7                          000A7C  00002D  000AA9      14F8       0  CODE        2
                text34                         000AA9  000030  000AD9      1552       0  CODE        2
                text18                         000AD9  000030  000B09      15B2       0  CODE        2
                text31                         000B09  000032  000B3B      1612       0  CODE        2
                text29                         000B3B  000033  000B6E      1676       0  CODE        2
                text28                         000B6E  000033  000BA1      16DC       0  CODE        2
                text13                         000BA1  00004A  000BEB      1742       0  CODE        2
                text4                          000BEB  000052  000C3D      17D6       0  CODE        2
                text23                         000C3D  00005B  000C98      187A       0  CODE        2
                text25                         000C98  000060  000CF8      1930       0  CODE        2
                text15                         000CF8  000062  000D5A      19F0       0  CODE        2
                text27                         000D5A  000063  000DBD      1AB4       0  CODE        2
                text19                         000DBD  000073  000E30      1B7A       0  CODE        2
                text38                         000E30  000075  000EA5      1C60       0  CODE        2
                text24                         000EA5  00009E  000F43      1D4A       0  CODE        2
                text21                         000F43  0000BD  001000      1E86       0  CODE        2
                stringtext1                    001000  0000E4  0010E4      2000       0  STRCODE     2
                heap                           0020A9  000D47  002DF0      20A9       7  HEAP        1


UNUSED ADDRESS RANGES

        Name                Unused          Largest block    Delta
        BANK0            0006F-0006F               1           1
        BANK1            000EB-000EF               5           1
        BANK10           00520-0056F              50           1
        BANK11           005A0-005EF              50           1
        BANK12           00620-0066F              50           1
        BANK13           006A0-006EF              50           1
        BANK14           00720-0076F              50           1
        BANK15           007A0-007EF              50           1
        BANK16           00820-0086F              50           1
        BANK17           008A0-008EF              50           1
        BANK18           00920-0096F              50           1
        BANK19           009A0-009EF              50           1
        BANK2            00129-0016F              47           1
        BANK20           00A20-00A6F              50           1
        BANK21           00AA0-00AEF              50           1
        BANK22           00B20-00B6F              50           1
        BANK23           00BA0-00BEF              50           1
        BANK24           00C20-00C6F              50           1
        BANK25           00CA0-00CEF              50           1
        BANK26           00D20-00D6F              50           1
        BANK27           00DA0-00DEF              50           1
        BANK28           00E20-00E6F              50           1
        BANK29           00EA0-00EEF              50           1
        BANK3            001A0-001EF              50           1
        BANK30           00F20-00F6F              50           1
        BANK31           00FA0-00FEF              50           1
        BANK32           01020-0106F              50           1
        BANK33           010A0-010EF              50           1
        BANK34           01120-0116F              50           1
        BANK35           011A0-011EF              50           1
        BANK36           01220-0126F              50           1
        BANK37           012A0-012EF              50           1
        BANK38           01320-0136F              50           1
        BANK39           013A0-013EF              50           1
        BANK4            00220-0026F              50           1
        BANK40           01420-0146F              50           1
        BANK41           014A0-014EF              50           1
        BANK42           01520-0156F              50           1
        BANK43           015A0-015EF              50           1
        BANK44           01620-0164F              30           1
        BANK5            002A0-002EF              50           1
        BANK6            00320-0036F              50           1
        BANK7            003A0-003EF              50           1
        BANK8            00420-0046F              50           1
        BANK9            004A0-004EF              50           1
        BIGRAM           02000-02FEF             FF0           1
        CODE             00800-00938             139           2
                         010E4-07FFF             800
        COMMON           0007B-0007D               3           1
        CONST            00800-00938             100           2
                         010E4-07FFF             100
        EEDATA           0F000-0F0FF             100           2
        ENTRY            00800-00938             100           2
                         010E4-07FFF             100
        IDLOC            08000-08003               4           2
        RAM              0006F-0006F               1           1
                         000EB-000EF               5
                         00129-0016F              47
                         001A0-001EF              50
                         00220-0026F              50
                         002A0-002EF              50
                         00320-0036F              50
                         003A0-003EF              50
                         00420-0046F              50
                         004A0-004EF              50
                         00520-0056F              50
                         005A0-005EF              50
                         00620-0066F              50
                         006A0-006EF              50
                         00720-0076F              50
                         007A0-007EF              50
                         00820-0086F              50
                         008A0-008EF              50
                         00920-0096F              50
                         009A0-009EF              50
                         00A20-00A6F              50
                         00AA0-00AEF              50
                         00B20-00B6F              50
                         00BA0-00BEF              50
                         00C20-00C6F              50
                         00CA0-00CEF              50
                         00D20-00D6F              50
                         00DA0-00DEF              50
                         00E20-00E6F              50
                         00EA0-00EEF              50
                         00F20-00F6F              50
                         00FA0-00FEF              50
                         01020-0106F              50
                         010A0-010EF              50
                         01120-0116F              50
                         011A0-011EF              50
                         01220-0126F              50
                         012A0-012EF              50
                         01320-0136F              50
                         013A0-013EF              50
                         01420-0146F              50
                         014A0-014EF              50
                         01520-0156F              50
                         015A0-015EF              50
                         01620-0164F              30
        SFR0             00000-0001F              20           1
        SFR1             00080-0009F              20           1
        SFR10            00500-0051F              20           1
        SFR11            00580-0059F              20           1
        SFR12            00600-0061F              20           1
        SFR13            00680-0069F              20           1
        SFR14            00700-0071F              20           1
        SFR15            00780-0079F              20           1
        SFR16            00800-0081F              20           1
        SFR17            00880-0089F              20           1
        SFR18            00900-0091F              20           1
        SFR19            00980-0099F              20           1
        SFR2             00100-0011F              20           1
        SFR20            00A00-00A1F              20           1
        SFR21            00A80-00A9F              20           1
        SFR22            00B00-00B1F              20           1
        SFR23            00B80-00B9F              20           1
        SFR24            00C00-00C1F              20           1
        SFR25            00C80-00C9F              20           1
        SFR26            00D00-00D1F              20           1
        SFR27            00D80-00D9F              20           1
        SFR28            00E00-00E1F              20           1
        SFR29            00E80-00E9F              20           1
        SFR3             00180-0019F              20           1
        SFR30            00F00-00F1F              20           1
        SFR31            00F80-00F9F              20           1
        SFR32            01000-0101F              20           1
        SFR33            01080-0109F              20           1
        SFR34            01100-0111F              20           1
        SFR35            01180-0119F              20           1
        SFR36            01200-0121F              20           1
        SFR37            01280-0129F              20           1
        SFR38            01300-0131F              20           1
        SFR39            01380-0139F              20           1
        SFR4             00200-0021F              20           1
        SFR40            01400-0141F              20           1
        SFR41            01480-0149F              20           1
        SFR42            01500-0151F              20           1
        SFR43            01580-0159F              20           1
        SFR44            01600-0161F              20           1
        SFR45            01680-0169F              20           1
        SFR46            01700-0171F              20           1
        SFR47            01780-0179F              20           1
        SFR48            01800-0181F              20           1
        SFR49            01880-0189F              20           1
        SFR5             00280-0029F              20           1
        SFR50            01900-0191F              20           1
        SFR51            01980-019EF              70           1
        SFR52            01A00-01A6F              70           1
        SFR53            01A80-01AEF              70           1
        SFR54            01B00-01B6F              70           1
        SFR55            01B80-01BEF              70           1
        SFR56            01C00-01C6F              70           1
        SFR57            01C80-01CEF              70           1
        SFR58            01D00-01D6F              70           1
        SFR59            01D80-01DEF              70           1
        SFR6             00300-0031F              20           1
        SFR60            01E00-01E6F              70           1
        SFR61            01E80-01EEF              70           1
        SFR62            01F00-01F6F              70           1
        SFR63            01F80-01FEF              70           1
        SFR7             00380-0039F              20           1
        SFR8             00400-0041F              20           1
        SFR9             00480-0049F              20           1
        STRCODE          00800-00938             139           2
                         010E4-07FFF            6F1C
        STRING           00800-00938             100           2
                         010E4-07FFF             100

                                  Symbol Table

?___awdiv                                           cstackBANK0  00026
?___expand_heap                                     cstackBANK0  00020
?___simple_search_fl                                cstackBANK0  00020
?___wmul                                            cstackBANK0  00020
?_atoi                                              cstackBANK0  00026
?_malloc                                            cstackBANK0  00034
?_strchr                                            cstackBANK0  00020
?_strcmp                                            cstackBANK0  00020
?_strcspn                                           cstackBANK0  00027
?_strspn                                            cstackBANK0  00027
?_strtok                                            cstackBANK0  0002F
CCP1_LoadDutyValue@dutyValue                        cstackBANK0  00020
EUSART_FramingErrorCallbackRegister@callbackHandler cstackBANK0  00020
EUSART_OverrunErrorCallbackRegister@callbackHandler cstackBANK0  00020
EUSART_Read@readValue                               cstackBANK0  00025
EUSART_Read@tempRxTail                              cstackBANK0  00024
EUSART_ReceiveISR@regValue                          cstackCOMMON 00074
EUSART_ReceiveISR@tempRxHead                        cstackCOMMON 00075
EUSART_RxCompleteCallbackRegister@callbackHandler   cstackBANK0  00020
INT_SetInterruptHandler@InterruptHandler            cstackBANK0  00020
TMR2_OverflowCallbackRegister@InterruptHandler      cstackBANK0  00020
_ANSELA                                             (abs)        01F38
_ANSELB                                             (abs)        01F43
_ANSELC                                             (abs)        01F4E
_ANSELD                                             (abs)        01F59
_ANSELE                                             (abs)        01F64
_BAUD1CON                                           (abs)        0011F
_BAUD1CONbits                                       (abs)        0011F
_CCP1CON                                            (abs)        0030E
_CCP1CONbits                                        (abs)        0030E
_CCP1PPS                                            (abs)        01EA1
_CCP1_Initialize                                    text12       00957
_CCP1_LoadDutyValue                                 text26       009DC
_CCPR1H                                             (abs)        0030D
_CCPR1L                                             (abs)        0030C
_CCPTMRS0bits                                       (abs)        0021E
_CLOCK_Initialize                                   text11       007F6
_EUSART_AutoBaudQuery                               (abs)        00000
_EUSART_AutoBaudSet                                 (abs)        00000
_EUSART_DefaultFramingErrorCallback                 text40       00002
_EUSART_DefaultOverrunErrorCallback                 text39       00939
_EUSART_Deinitialize                                (abs)        00000
_EUSART_ErrorGet                                    (abs)        00000
_EUSART_FramingErrorCallbackRegister                text10       00985
_EUSART_FramingErrorHandler                         bssBANK1     000B2
_EUSART_Initialize                                  text7        00A7C
_EUSART_IsRxReady                                   text35       0093D
_EUSART_IsTxDone                                    (abs)        00000
_EUSART_IsTxReady                                   (abs)        00000
_EUSART_OverrunErrorCallbackRegister                text9        00994
_EUSART_OverrunErrorHandler                         bssBANK1     000B0
_EUSART_Read                                        text34       00AA9
_EUSART_ReceiveISR                                  text38       00E30
_EUSART_RxCompleteCallbackRegister                  text8        009A3
_EUSART_RxInterruptHandler                          bssBANK1     000BA
_EUSART_TransmitDisable                             (abs)        00000
_EUSART_TransmitEnable                              (abs)        00000
_EUSART_Write                                       (abs)        00000
_Handle_UART_Data                                   text13       00BA1
_INLVLA                                             (abs)        01F3C
_INLVLB                                             (abs)        01F47
_INLVLC                                             (abs)        01F52
_INLVLD                                             (abs)        01F5D
_INLVLE                                             (abs)        01F68
_INTCONbits                                         (abs)        0000B
_INTERRUPT_Initialize                               text5        0096D
_INTERRUPT_InterruptManager                         intentry     00004
_INT_DefaultInterruptHandler                        (abs)        00000
_INT_InterruptHandler                               bssBANK1     000B8
_INT_SetInterruptHandler                            text6        00945
_IOCAF                                              (abs)        01F3F
_IOCAN                                              (abs)        01F3E
_IOCAP                                              (abs)        01F3D
_IOCBF                                              (abs)        01F4A
_IOCBN                                              (abs)        01F49
_IOCBP                                              (abs)        01F48
_IOCCF                                              (abs)        01F55
_IOCCN                                              (abs)        01F54
_IOCCP                                              (abs)        01F53
_IOCEF                                              (abs)        01F6B
_IOCEN                                              (abs)        01F6A
_IOCEP                                              (abs)        01F69
_LATA                                               (abs)        00016
_LATB                                               (abs)        00017
_LATC                                               (abs)        00018
_LATD                                               (abs)        00019
_LATE                                               (abs)        0001A
_ODCONA                                             (abs)        01F3A
_ODCONB                                             (abs)        01F45
_ODCONC                                             (abs)        01F50
_ODCOND                                             (abs)        01F5B
_ODCONE                                             (abs)        01F66
_OSCCON1                                            (abs)        0088D
_OSCCON3                                            (abs)        0088F
_OSCEN                                              (abs)        00891
_OSCFRQ                                             (abs)        00893
_OSCTUNE                                            (abs)        00892
_PIE0bits                                           (abs)        00716
_PIE3bits                                           (abs)        00719
_PIN_MANAGER_IOC                                    text37       00003
_PIN_MANAGER_Initialize                             text4        00BEB
_PIR0bits                                           (abs)        0070C
_PIR3bits                                           (abs)        0070F
_PIR4bits                                           (abs)        00710
_PR2                                                (abs)        0028D
_RB0PPS                                             (abs)        01F18
_RB1PPS                                             (abs)        01F19
_RC1REG                                             (abs)        00119
_RC1STA                                             (abs)        0011D
_RC1STAbits                                         (abs)        0011D
_RXPPS                                              (abs)        01ECB
_SLRCONA                                            (abs)        01F3B
_SLRCONB                                            (abs)        01F46
_SLRCONC                                            (abs)        01F51
_SLRCOND                                            (abs)        01F5C
_SLRCONE                                            (abs)        01F67
_SP1BRGH                                            (abs)        0011C
_SP1BRGL                                            (abs)        0011B
_SPI1_BufferExchange                                (abs)        00000
_SPI1_BufferRead                                    (abs)        00000
_SPI1_BufferWrite                                   (abs)        00000
_SPI1_ByteExchange                                  (abs)        00000
_SPI1_ByteRead                                      (abs)        00000
_SPI1_ByteWrite                                     (abs)        00000
_SPI1_Close                                         (abs)        00000
_SPI1_Deinitialize                                  (abs)        00000
_SPI1_Initialize                                    (abs)        00000
_SPI1_IsRxReady                                     (abs)        00000
_SPI1_IsTxReady                                     (abs)        00000
_SPI1_Open                                          (abs)        00000
_SSP1ADD                                            (abs)        0018D
_SSP1BUF                                            (abs)        0018C
_SSP1CON1                                           (abs)        00190
_SSP1CON1bits                                       (abs)        00190
_SSP1CON3                                           (abs)        00192
_SSP1STAT                                           (abs)        0018F
_SYSTEM_Initialize                                  text1        009B2
_T2CLKCON                                           (abs)        00290
_T2CON                                              (abs)        0028E
_T2CONbits                                          (abs)        0028E
_T2HLT                                              (abs)        0028F
_T2HLTbits                                          (abs)        0028F
_T2PR                                               (abs)        0028D
_T2RST                                              (abs)        00291
_T2RSTbits                                          (abs)        00291
_T2TMR                                              (abs)        0028C
_TMR2                                               (abs)        0028C
_TMR2_DefaultOverflowCallback                       (abs)        00000
_TMR2_Initialize                                    text2        009C5
_TMR2_OverflowCallback                              bssBANK1     000B6
_TMR2_OverflowCallbackRegister                      text3        0094E
_TMR2_PeriodCountSet                                (abs)        00000
_TMR2_Start                                         (abs)        00000
_TMR2_Stop                                          (abs)        00000
_TMR2_Tasks                                         (abs)        00000
_TRISA                                              (abs)        00011
_TRISB                                              (abs)        00012
_TRISC                                              (abs)        00013
_TRISD                                              (abs)        00014
_TRISE                                              (abs)        00015
_TX1REG                                             (abs)        0011A
_TX1STA                                             (abs)        0011E
_TX1STAbits                                         (abs)        0011E
_WPUA                                               (abs)        01F39
_WPUB                                               (abs)        01F44
_WPUC                                               (abs)        01F4F
_WPUD                                               (abs)        01F5A
_WPUE                                               (abs)        01F65
__H__absolute__                                     __absolute__ 00000
__Habs1                                             abs1         00000
__Hbank0                                            bank0        00000
__Hbank1                                            bank1        00000
__Hbank10                                           bank10       00000
__Hbank11                                           bank11       00000
__Hbank12                                           bank12       00000
__Hbank13                                           bank13       00000
__Hbank14                                           bank14       00000
__Hbank15                                           bank15       00000
__Hbank16                                           bank16       00000
__Hbank17                                           bank17       00000
__Hbank18                                           bank18       00000
__Hbank19                                           bank19       00000
__Hbank2                                            bank2        00000
__Hbank20                                           bank20       00000
__Hbank21                                           bank21       00000
__Hbank22                                           bank22       00000
__Hbank23                                           bank23       00000
__Hbank24                                           bank24       00000
__Hbank25                                           bank25       00000
__Hbank26                                           bank26       00000
__Hbank27                                           bank27       00000
__Hbank28                                           bank28       00000
__Hbank29                                           bank29       00000
__Hbank3                                            bank3        00000
__Hbank30                                           bank30       00000
__Hbank31                                           bank31       00000
__Hbank32                                           bank32       00000
__Hbank33                                           bank33       00000
__Hbank34                                           bank34       00000
__Hbank35                                           bank35       00000
__Hbank36                                           bank36       00000
__Hbank37                                           bank37       00000
__Hbank38                                           bank38       00000
__Hbank39                                           bank39       00000
__Hbank4                                            bank4        00000
__Hbank40                                           bank40       00000
__Hbank41                                           bank41       00000
__Hbank42                                           bank42       00000
__Hbank43                                           bank43       00000
__Hbank44                                           bank44       00000
__Hbank45                                           bank45       00000
__Hbank46                                           bank46       00000
__Hbank47                                           bank47       00000
__Hbank48                                           bank48       00000
__Hbank49                                           bank49       00000
__Hbank5                                            bank5        00000
__Hbank50                                           bank50       00000
__Hbank51                                           bank51       00000
__Hbank52                                           bank52       00000
__Hbank53                                           bank53       00000
__Hbank54                                           bank54       00000
__Hbank55                                           bank55       00000
__Hbank56                                           bank56       00000
__Hbank57                                           bank57       00000
__Hbank58                                           bank58       00000
__Hbank59                                           bank59       00000
__Hbank6                                            bank6        00000
__Hbank60                                           bank60       00000
__Hbank61                                           bank61       00000
__Hbank62                                           bank62       00000
__Hbank63                                           bank63       00000
__Hbank7                                            bank7        00000
__Hbank8                                            bank8        00000
__Hbank9                                            bank9        00000
__Hbigram                                           bigram       00000
__HbssBANK1                                         bssBANK1     00000
__HbssBANK2                                         bssBANK2     00000
__HbssCOMMON                                        bssCOMMON    00000
__Hcinit                                            cinit        00053
__Hclrtext                                          clrtext      00000
__Hcode                                             code         00000
__Hcommon                                           common       00000
__Hconfig                                           config       0800C
__HcstackBANK0                                      cstackBANK0  00000
__HcstackBANK1                                      cstackBANK1  00000
__HcstackCOMMON                                     cstackCOMMON 00000
__Heeprom_data                                      eeprom_data  00000
__Hend_init                                         end_init     0002A
__Hfunctab                                          functab      00000
__Hheap                                             heap         02DF0
__Hinit                                             init         00028
__Hintentry                                         intentry     00028
__Hmaintext                                         maintext     00000
__Hpowerup                                          powerup      00000
__Hram                                              ram          00000
__Hreset_vec                                        reset_vec    00002
__Hsfr0                                             sfr0         00000
__Hsfr1                                             sfr1         00000
__Hsfr10                                            sfr10        00000
__Hsfr11                                            sfr11        00000
__Hsfr12                                            sfr12        00000
__Hsfr13                                            sfr13        00000
__Hsfr14                                            sfr14        00000
__Hsfr15                                            sfr15        00000
__Hsfr16                                            sfr16        00000
__Hsfr17                                            sfr17        00000
__Hsfr18                                            sfr18        00000
__Hsfr19                                            sfr19        00000
__Hsfr2                                             sfr2         00000
__Hsfr20                                            sfr20        00000
__Hsfr21                                            sfr21        00000
__Hsfr22                                            sfr22        00000
__Hsfr23                                            sfr23        00000
__Hsfr24                                            sfr24        00000
__Hsfr25                                            sfr25        00000
__Hsfr26                                            sfr26        00000
__Hsfr27                                            sfr27        00000
__Hsfr28                                            sfr28        00000
__Hsfr29                                            sfr29        00000
__Hsfr3                                             sfr3         00000
__Hsfr30                                            sfr30        00000
__Hsfr31                                            sfr31        00000
__Hsfr32                                            sfr32        00000
__Hsfr33                                            sfr33        00000
__Hsfr34                                            sfr34        00000
__Hsfr35                                            sfr35        00000
__Hsfr36                                            sfr36        00000
__Hsfr37                                            sfr37        00000
__Hsfr38                                            sfr38        00000
__Hsfr39                                            sfr39        00000
__Hsfr4                                             sfr4         00000
__Hsfr40                                            sfr40        00000
__Hsfr41                                            sfr41        00000
__Hsfr42                                            sfr42        00000
__Hsfr43                                            sfr43        00000
__Hsfr44                                            sfr44        00000
__Hsfr45                                            sfr45        00000
__Hsfr46                                            sfr46        00000
__Hsfr47                                            sfr47        00000
__Hsfr48                                            sfr48        00000
__Hsfr49                                            sfr49        00000
__Hsfr5                                             sfr5         00000
__Hsfr50                                            sfr50        00000
__Hsfr51                                            sfr51        00000
__Hsfr52                                            sfr52        00000
__Hsfr53                                            sfr53        00000
__Hsfr54                                            sfr54        00000
__Hsfr55                                            sfr55        00000
__Hsfr56                                            sfr56        00000
__Hsfr57                                            sfr57        00000
__Hsfr58                                            sfr58        00000
__Hsfr59                                            sfr59        00000
__Hsfr6                                             sfr6         00000
__Hsfr60                                            sfr60        00000
__Hsfr61                                            sfr61        00000
__Hsfr62                                            sfr62        00000
__Hsfr63                                            sfr63        00000
__Hsfr7                                             sfr7         00000
__Hsfr8                                             sfr8         00000
__Hsfr9                                             sfr9         00000
__Hsivt                                             sivt         00028
__Hspace_0                                          (abs)        010E4
__Hspace_1                                          (abs)        00129
__Hspace_2                                          (abs)        00000
__Hspace_3                                          (abs)        00000
__Hspace_4                                          (abs)        10013
__Hstack                                            stack        00000
__Hstrings                                          strings      00000
__Hstringtext1                                      stringtext1  00000
__Hstringtext10                                     stringtext10 00000
__Hstringtext11                                     stringtext11 00000
__Hstringtext12                                     stringtext12 00000
__Hstringtext13                                     stringtext13 00000
__Hstringtext14                                     stringtext14 00000
__Hstringtext15                                     stringtext15 00000
__Hstringtext2                                      stringtext2  00000
__Hstringtext3                                      stringtext3  00000
__Hstringtext4                                      stringtext4  00000
__Hstringtext5                                      stringtext5  00000
__Hstringtext6                                      stringtext6  00000
__Hstringtext7                                      stringtext7  00000
__Hstringtext8                                      stringtext8  00000
__Hstringtext9                                      stringtext9  00000
__Htext                                             text         00000
__L__absolute__                                     __absolute__ 00000
__Labs1                                             abs1         00000
__Lbank0                                            bank0        00000
__Lbank1                                            bank1        00000
__Lbank10                                           bank10       00000
__Lbank11                                           bank11       00000
__Lbank12                                           bank12       00000
__Lbank13                                           bank13       00000
__Lbank14                                           bank14       00000
__Lbank15                                           bank15       00000
__Lbank16                                           bank16       00000
__Lbank17                                           bank17       00000
__Lbank18                                           bank18       00000
__Lbank19                                           bank19       00000
__Lbank2                                            bank2        00000
__Lbank20                                           bank20       00000
__Lbank21                                           bank21       00000
__Lbank22                                           bank22       00000
__Lbank23                                           bank23       00000
__Lbank24                                           bank24       00000
__Lbank25                                           bank25       00000
__Lbank26                                           bank26       00000
__Lbank27                                           bank27       00000
__Lbank28                                           bank28       00000
__Lbank29                                           bank29       00000
__Lbank3                                            bank3        00000
__Lbank30                                           bank30       00000
__Lbank31                                           bank31       00000
__Lbank32                                           bank32       00000
__Lbank33                                           bank33       00000
__Lbank34                                           bank34       00000
__Lbank35                                           bank35       00000
__Lbank36                                           bank36       00000
__Lbank37                                           bank37       00000
__Lbank38                                           bank38       00000
__Lbank39                                           bank39       00000
__Lbank4                                            bank4        00000
__Lbank40                                           bank40       00000
__Lbank41                                           bank41       00000
__Lbank42                                           bank42       00000
__Lbank43                                           bank43       00000
__Lbank44                                           bank44       00000
__Lbank45                                           bank45       00000
__Lbank46                                           bank46       00000
__Lbank47                                           bank47       00000
__Lbank48                                           bank48       00000
__Lbank49                                           bank49       00000
__Lbank5                                            bank5        00000
__Lbank50                                           bank50       00000
__Lbank51                                           bank51       00000
__Lbank52                                           bank52       00000
__Lbank53                                           bank53       00000
__Lbank54                                           bank54       00000
__Lbank55                                           bank55       00000
__Lbank56                                           bank56       00000
__Lbank57                                           bank57       00000
__Lbank58                                           bank58       00000
__Lbank59                                           bank59       00000
__Lbank6                                            bank6        00000
__Lbank60                                           bank60       00000
__Lbank61                                           bank61       00000
__Lbank62                                           bank62       00000
__Lbank63                                           bank63       00000
__Lbank7                                            bank7        00000
__Lbank8                                            bank8        00000
__Lbank9                                            bank9        00000
__Lbigram                                           bigram       00000
__LbssBANK1                                         bssBANK1     00000
__LbssBANK2                                         bssBANK2     00000
__LbssCOMMON                                        bssCOMMON    00000
__Lcinit                                            cinit        0002A
__Lclrtext                                          clrtext      00000
__Lcode                                             code         00000
__Lcommon                                           common       00000
__Lconfig                                           config       00000
__LcstackBANK0                                      cstackBANK0  00000
__LcstackBANK1                                      cstackBANK1  00000
__LcstackCOMMON                                     cstackCOMMON 00000
__Leeprom_data                                      eeprom_data  00000
__Lend_init                                         end_init     00028
__Lfunctab                                          functab      00000
__Lheap                                             heap         020A9
__Linit                                             init         00028
__Lintentry                                         intentry     00004
__Lmaintext                                         maintext     00000
__Lpowerup                                          powerup      00000
__Lram                                              ram          00000
__Lreset_vec                                        reset_vec    00000
__Lsfr0                                             sfr0         00000
__Lsfr1                                             sfr1         00000
__Lsfr10                                            sfr10        00000
__Lsfr11                                            sfr11        00000
__Lsfr12                                            sfr12        00000
__Lsfr13                                            sfr13        00000
__Lsfr14                                            sfr14        00000
__Lsfr15                                            sfr15        00000
__Lsfr16                                            sfr16        00000
__Lsfr17                                            sfr17        00000
__Lsfr18                                            sfr18        00000
__Lsfr19                                            sfr19        00000
__Lsfr2                                             sfr2         00000
__Lsfr20                                            sfr20        00000
__Lsfr21                                            sfr21        00000
__Lsfr22                                            sfr22        00000
__Lsfr23                                            sfr23        00000
__Lsfr24                                            sfr24        00000
__Lsfr25                                            sfr25        00000
__Lsfr26                                            sfr26        00000
__Lsfr27                                            sfr27        00000
__Lsfr28                                            sfr28        00000
__Lsfr29                                            sfr29        00000
__Lsfr3                                             sfr3         00000
__Lsfr30                                            sfr30        00000
__Lsfr31                                            sfr31        00000
__Lsfr32                                            sfr32        00000
__Lsfr33                                            sfr33        00000
__Lsfr34                                            sfr34        00000
__Lsfr35                                            sfr35        00000
__Lsfr36                                            sfr36        00000
__Lsfr37                                            sfr37        00000
__Lsfr38                                            sfr38        00000
__Lsfr39                                            sfr39        00000
__Lsfr4                                             sfr4         00000
__Lsfr40                                            sfr40        00000
__Lsfr41                                            sfr41        00000
__Lsfr42                                            sfr42        00000
__Lsfr43                                            sfr43        00000
__Lsfr44                                            sfr44        00000
__Lsfr45                                            sfr45        00000
__Lsfr46                                            sfr46        00000
__Lsfr47                                            sfr47        00000
__Lsfr48                                            sfr48        00000
__Lsfr49                                            sfr49        00000
__Lsfr5                                             sfr5         00000
__Lsfr50                                            sfr50        00000
__Lsfr51                                            sfr51        00000
__Lsfr52                                            sfr52        00000
__Lsfr53                                            sfr53        00000
__Lsfr54                                            sfr54        00000
__Lsfr55                                            sfr55        00000
__Lsfr56                                            sfr56        00000
__Lsfr57                                            sfr57        00000
__Lsfr58                                            sfr58        00000
__Lsfr59                                            sfr59        00000
__Lsfr6                                             sfr6         00000
__Lsfr60                                            sfr60        00000
__Lsfr61                                            sfr61        00000
__Lsfr62                                            sfr62        00000
__Lsfr63                                            sfr63        00000
__Lsfr7                                             sfr7         00000
__Lsfr8                                             sfr8         00000
__Lsfr9                                             sfr9         00000
__Lsivt                                             sivt         00028
__Lspace_0                                          (abs)        00000
__Lspace_1                                          (abs)        00000
__Lspace_2                                          (abs)        00000
__Lspace_3                                          (abs)        00000
__Lspace_4                                          (abs)        00000
__Lstack                                            stack        00000
__Lstrings                                          strings      00000
__Lstringtext1                                      stringtext1  00000
__Lstringtext10                                     stringtext10 00000
__Lstringtext11                                     stringtext11 00000
__Lstringtext12                                     stringtext12 00000
__Lstringtext13                                     stringtext13 00000
__Lstringtext14                                     stringtext14 00000
__Lstringtext15                                     stringtext15 00000
__Lstringtext2                                      stringtext2  00000
__Lstringtext3                                      stringtext3  00000
__Lstringtext4                                      stringtext4  00000
__Lstringtext5                                      stringtext5  00000
__Lstringtext6                                      stringtext6  00000
__Lstringtext7                                      stringtext7  00000
__Lstringtext8                                      stringtext8  00000
__Lstringtext9                                      stringtext9  00000
__Ltext                                             text         00000
__S0                                                (abs)        010E4
__S1                                                (abs)        00129
__S3                                                (abs)        00000
__S7                                                (abs)        02DF0
___awdiv                                            text25       00C98
___awdiv@counter                                    cstackBANK0  0002B
___awdiv@dividend                                   cstackBANK0  00028
___awdiv@divisor                                    cstackBANK0  00026
___awdiv@quotient                                   cstackBANK0  0002D
___awdiv@sign                                       cstackBANK0  0002C
___expand_heap                                      text23       00C3D
___expand_heap@n                                    cstackBANK0  00023
___expand_heap@new_brkp                             cstackBANK0  00025
___expand_heap@pn                                   cstackBANK0  00022
___freelist                                         bssCOMMON    00076
___heap_hi                                          heap         02DF0
___heap_lo                                          heap         020A9
___int_sp                                           stack        00000
___int_stack_hi                                     stack        00000
___int_stack_lo                                     stack        00000
___latbits                                          (abs)        00004
___simple_search_fl                                 text22       00659
___simple_search_fl@best                            cstackBANK0  00032
___simple_search_fl@best_last                       cstackBANK0  00028
___simple_search_fl@c                               cstackBANK0  00030
___simple_search_fl@last                            cstackBANK0  0002C
___simple_search_fl@n                               cstackBANK0  00020
___simple_search_fl@next                            cstackBANK0  0002E
___simple_search_fl@remaining_size                  cstackBANK0  00026
___simple_search_fl@split                           cstackBANK0  0002A
___sp                                               stack        00000
___stack_hi                                         stack        00000
___stack_lo                                         stack        00000
___stackhi                                          (abs)        00000
___stacklo                                          (abs)        00000
___wmul                                             text33       00A31
___wmul@multiplicand                                cstackBANK0  00022
___wmul@multiplier                                  cstackBANK0  00020
___wmul@product                                     cstackBANK0  00024
__end_of_CCP1_Initialize                            text12       00962
__end_of_CCP1_LoadDutyValue                         text26       009F5
__end_of_CLOCK_Initialize                           text11       00800
__end_of_EUSART_DefaultFramingErrorCallback         text40       00003
__end_of_EUSART_DefaultOverrunErrorCallback         text39       0093D
__end_of_EUSART_FramingErrorCallbackRegister        text10       00994
__end_of_EUSART_Initialize                          text7        00AA9
__end_of_EUSART_IsRxReady                           text35       00945
__end_of_EUSART_OverrunErrorCallbackRegister        text9        009A3
__end_of_EUSART_Read                                text34       00AD9
__end_of_EUSART_ReceiveISR                          text38       00EA5
__end_of_EUSART_RxCompleteCallbackRegister          text8        009B2
__end_of_Handle_UART_Data                           text13       00BEB
__end_of_INTERRUPT_Initialize                       text5        00979
__end_of_INTERRUPT_InterruptManager                 intentry     00028
__end_of_INT_SetInterruptHandler                    text6        0094E
__end_of_PIN_MANAGER_IOC                            text37       00004
__end_of_PIN_MANAGER_Initialize                     text4        00C3D
__end_of_SPI1_Host                                  stringtext2  0104C
__end_of_SYSTEM_Initialize                          text1        009C5
__end_of_TMR2_Initialize                            text2        009DC
__end_of_TMR2_OverflowCallbackRegister              text3        00957
__end_of_Timer2                                     stringtext3  010BE
__end_of_UART1                                      stringtext1  01030
__end_of___awdiv                                    text25       00CF8
__end_of___expand_heap                              text23       00C98
__end_of___simple_search_fl                         text22       00779
__end_of___wmul                                     text33       00A51
__end_of__initialization                            cinit        0004F
__end_of_atoi                                       text32       007F6
__end_of_free                                       text24       00F43
__end_of_main                                       maintext     0096D
__end_of_malloc                                     text21       01000
__end_of_memset                                     text16       00A12
__end_of_spi1_configuration                         stringtext4  01056
__end_of_strchr                                     text30       00A31
__end_of_strcmp                                     text31       00B3B
__end_of_strcspn                                    text29       00B6E
__end_of_strspn                                     text28       00BA1
__end_of_strtok                                     text27       00DBD
__end_of_ws2812_pwm_clear                           text18       00B09
__end_of_ws2812_pwm_deinit                          text17       00A7C
__end_of_ws2812_pwm_init                            text15       00D5A
__end_of_ws2812_pwm_send                            text20       00659
__end_of_ws2812_set_led                             text19       00E30
__end_of_ws2812_uart_commands                       text14       003C5
__initialization                                    cinit        0002A
__pbssBANK1                                         bssBANK1     000A0
__pbssBANK2                                         bssBANK2     00120
__pbssBIGRAM                                        (abs)        02DF0
__pbssCOMMON                                        bssCOMMON    00076
__pcstackBANK0                                      cstackBANK0  00020
__pcstackBANK1                                      cstackBANK1  000C9
__pcstackCOMMON                                     cstackCOMMON 00070
__pintentry                                         intentry     00004
__pmaintext                                         maintext     00962
__pstringtext1                                      stringtext1  01000
__pstringtext10                                     stringtext10 010BE
__pstringtext11                                     stringtext11 010C9
__pstringtext12                                     stringtext12 010D3
__pstringtext13                                     stringtext13 010DB
__pstringtext14                                     stringtext14 010E2
__pstringtext15                                     stringtext15 00000
__pstringtext2                                      stringtext2  01030
__pstringtext3                                      stringtext3  010B2
__pstringtext4                                      stringtext4  0104C
__pstringtext5                                      stringtext5  01068
__pstringtext6                                      stringtext6  01079
__pstringtext7                                      stringtext7  01088
__pstringtext8                                      stringtext8  01097
__pstringtext9                                      stringtext9  010A5
__ptext1                                            text1        009B2
__ptext10                                           text10       00985
__ptext11                                           text11       007F6
__ptext12                                           text12       00957
__ptext13                                           text13       00BA1
__ptext14                                           text14       00053
__ptext15                                           text15       00CF8
__ptext16                                           text16       009F5
__ptext17                                           text17       00A51
__ptext18                                           text18       00AD9
__ptext19                                           text19       00DBD
__ptext2                                            text2        009C5
__ptext20                                           text20       003C5
__ptext21                                           text21       00F43
__ptext22                                           text22       00659
__ptext23                                           text23       00C3D
__ptext24                                           text24       00EA5
__ptext25                                           text25       00C98
__ptext26                                           text26       009DC
__ptext27                                           text27       00D5A
__ptext28                                           text28       00B6E
__ptext29                                           text29       00B3B
__ptext3                                            text3        0094E
__ptext30                                           text30       00A12
__ptext31                                           text31       00B09
__ptext32                                           text32       00779
__ptext33                                           text33       00A31
__ptext34                                           text34       00AA9
__ptext35                                           text35       0093D
__ptext37                                           text37       00003
__ptext38                                           text38       00E30
__ptext39                                           text39       00939
__ptext4                                            text4        00BEB
__ptext40                                           text40       00002
__ptext5                                            text5        0096D
__ptext6                                            text6        00945
__ptext7                                            text7        00A7C
__ptext8                                            text8        009A3
__ptext9                                            text9        00994
_atoi                                               text32       00779
_brkp                                               bssBANK1     000A6
_c                                                  bssBANK1     000BD
_errno                                              bssBANK1     000AC
_eusartRxBuffer                                     (abs)        02F70
_eusartRxCount                                      bssCOMMON    00078
_eusartRxHead                                       bssCOMMON    0007A
_eusartRxLastError                                  bssBANK1     000B4
_eusartRxStatusBuffer                               (abs)        02DF0
_eusartRxTail                                       bssCOMMON    00079
_fade_flag                                          bssBANK1     000BF
_fade_time                                          bssBANK1     000AE
_free                                               text24       00EA5
_index                                              bssBANK1     000BC
_initialized                                        bssBANK1     000BE
_main                                               maintext     00962
_malloc                                             text21       00F43
_memset                                             text16       009F5
_rxBuff                                             (abs)        02EF0
_spi1_configuration                                 stringtext4  0104C
_strchr                                             text30       00A12
_strcmp                                             text31       00B09
_strcspn                                            text29       00B3B
_strspn                                             text28       00B6E
_strtok                                             text27       00D5A
_ws2812_pwm                                         bssBANK1     000C0
_ws2812_pwm_clear                                   text18       00AD9
_ws2812_pwm_deinit                                  text17       00A51
_ws2812_pwm_init                                    text15       00CF8
_ws2812_pwm_send                                    text20       003C5
_ws2812_pwm_send$1379                               cstackBANK0  00047
_ws2812_pwm_send$1380                               cstackBANK0  00049
_ws2812_pwm_send$1381                               cstackBANK0  0004B
_ws2812_pwm_send$1384                               cstackBANK0  0004D
_ws2812_pwm_send$1385                               cstackBANK0  0004F
_ws2812_pwm_send$1386                               cstackBANK0  00051
_ws2812_pwm_send$2610                               cstackBANK0  0005E
_ws2812_set_led                                     text19       00DBD
_ws2812_uart_commands                               text14       00053
atoi@n                                              cstackBANK0  0002B
atoi@neg                                            cstackBANK0  0002A
atoi@s                                              cstackBANK0  00026
btemp                                               (abs)        0007E
clear_ram0                                          clrtext      00979
end_of_initialization                               cinit        0004F
free@c                                              cstackBANK0  00028
free@cptr                                           cstackBANK0  00026
free@ptr                                            cstackBANK0  00020
int$flags                                           (abs)        0007E
intlevel0                                           functab      00000
intlevel1                                           functab      00000
intlevel2                                           functab      00000
intlevel3                                           functab      00000
intlevel4                                           functab      00000
intlevel5                                           functab      00000
malloc@cur                                          bssBANK1     000AA
malloc@end                                          bssBANK1     000A8
malloc@lock                                         bssBANK1     000A0
malloc@m                                            cstackBANK0  00038
malloc@n                                            cstackBANK0  00034
malloc@new                                          cstackBANK0  00040
malloc@p                                            cstackBANK0  0003E
malloc@size                                         cstackBANK0  0003C
malloc@sz                                           cstackBANK0  0003A
memset@c                                            cstackBANK0  00028
memset@dest                                         cstackBANK0  00026
memset@n                                            cstackBANK0  0002A
memset@p                                            cstackBANK0  0002C
reset_vec                                           reset_vec    00000
start                                               init         00028
start_initialization                                cinit        0002A
strchr@c                                            cstackBANK0  00022
strchr@s                                            cstackBANK0  00020
strcmp@l                                            cstackBANK0  00020
strcmp@r                                            cstackBANK0  00022
strcspn@c                                           cstackBANK0  00029
strcspn@i                                           cstackBANK0  0002D
strcspn@s                                           cstackBANK0  00027
strspn@c                                            cstackBANK0  00029
strspn@i                                            cstackBANK0  0002D
strspn@s                                            cstackBANK0  00027
strtok@p                                            bssBANK1     000A4
strtok@s                                            cstackBANK0  0002F
strtok@sep                                          cstackBANK0  00031
ws2812_pwm_clear@i                                  cstackBANK0  0006A
ws2812_pwm_clear@ws2812_conf                        cstackBANK0  0006C
ws2812_pwm_deinit@ws2812_conf                       cstackBANK0  0002A
ws2812_pwm_init@led_data                            cstackBANK0  0006B
ws2812_pwm_init@ws2812_conf                         cstackBANK0  0006D
ws2812_pwm_send@blue                                cstackBANK0  00055
ws2812_pwm_send@brightness                          cstackBANK0  00042
ws2812_pwm_send@green                               cstackBANK0  00053
ws2812_pwm_send@i                                   cstackBANK0  00060
ws2812_pwm_send@i_1387                              cstackBANK0  00056
ws2812_pwm_send@index                               cstackBANK0  0005A
ws2812_pwm_send@index_1383                          cstackBANK0  0005C
ws2812_pwm_send@j                                   cstackBANK0  00062
ws2812_pwm_send@j_1382                              cstackBANK0  00064
ws2812_pwm_send@led_data                            cstackBANK0  00058
ws2812_pwm_send@red                                 cstackBANK0  00054
ws2812_pwm_send@send_data                           cstackBANK0  00066
ws2812_pwm_send@ws2812_conf                         cstackBANK0  00068
ws2812_set_led@blue                                 cstackBANK0  00030
ws2812_set_led@green                                cstackBANK0  0002F
ws2812_set_led@led                                  cstackBANK0  0002D
ws2812_set_led@led_data                             cstackBANK0  00037
ws2812_set_led@red                                  cstackBANK0  0002E
ws2812_set_led@ws2812_conf                          cstackBANK0  00039
ws2812_uart_commands@data                           cstackBANK1  000C9
ws2812_uart_commands@i                              cstackBANK1  000E7
ws2812_uart_commands@i_1600                         cstackBANK1  000CD
ws2812_uart_commands@i_1604                         cstackBANK1  000CF
ws2812_uart_commands@size                           cstackBANK1  000CB
ws2812_uart_commands@token                          cstackBANK1  000D1
ws2812_uart_commands@tokenizedInput                 cstackBANK1  000D3
wtemp0                                              (abs)        0007E


MODULE INFORMATION

Module		Function		Class		Link	Load	Size
C:\Program Files\Microchip\xc8\v2.46\pic\sources\c99\common\strtok.c
		_strtok        		CODE           	0D5A	0000	99

C:\Program Files\Microchip\xc8\v2.46\pic\sources\c99\common\strtok.c estimated size: 99

ws2812/Src/ws2812_uart.c
		_ws2812_uart_commands		CODE           	0053	0000	882

ws2812/Src/ws2812_uart.c estimated size: 882

C:\Program Files\Microchip\xc8\v2.46\pic\sources\c99\common\awdiv.c
		___awdiv       		CODE           	0C98	0000	96

C:\Program Files\Microchip\xc8\v2.46\pic\sources\c99\common\awdiv.c estimated size: 96

C:\Program Files\Microchip\xc8\v2.46\pic\sources\c99\common\lite_free.c
		___simple_search_fl		CODE           	0659	0000	288
		_free          		CODE           	0EA5	0000	158

C:\Program Files\Microchip\xc8\v2.46\pic\sources\c99\common\lite_free.c estimated size: 446

ws2812/Src/ws2812.c
		_ws2812_set_led		CODE           	0DBD	0000	115

ws2812/Src/ws2812.c estimated size: 115

mcc_generated_files/system/src/interrupt.c
		_INT_SetInterruptHandler		CODE           	0945	0000	9
		_INTERRUPT_Initialize		CODE           	096D	0000	12
		_INTERRUPT_InterruptManager		CODE           	0004	0000	36

mcc_generated_files/system/src/interrupt.c estimated size: 57

C:\Program Files\Microchip\xc8\v2.46\pic\sources\c99\common\strcmp.c
		_strcmp        		CODE           	0B09	0000	50

C:\Program Files\Microchip\xc8\v2.46\pic\sources\c99\common\strcmp.c estimated size: 50

C:\Program Files\Microchip\xc8\v2.46\pic\sources\c99\common\strchr.c
		_strchr        		CODE           	0A12	0000	31

C:\Program Files\Microchip\xc8\v2.46\pic\sources\c99\common\strchr.c estimated size: 31

C:\Program Files\Microchip\xc8\v2.46\pic\sources\c99\common\memset.c
		_memset        		CODE           	09F5	0000	29

C:\Program Files\Microchip\xc8\v2.46\pic\sources\c99\common\memset.c estimated size: 29

C:\Program Files\Microchip\xc8\v2.46\pic\sources\c99\common\expand_heap.c
		___expand_heap 		CODE           	0C3D	0000	91

C:\Program Files\Microchip\xc8\v2.46\pic\sources\c99\common\expand_heap.c estimated size: 91

C:\Program Files\Microchip\xc8\v2.46\pic\sources\c99\common\atoi.c
		_atoi          		CODE           	0779	0000	125

C:\Program Files\Microchip\xc8\v2.46\pic\sources\c99\common\atoi.c estimated size: 125

mcc_generated_files/system/src/pins.c
		_PIN_MANAGER_Initialize		CODE           	0BEB	0000	82
		_PIN_MANAGER_IOC		CODE           	0003	0000	1

mcc_generated_files/system/src/pins.c estimated size: 83

C:\Program Files\Microchip\xc8\v2.46\pic\sources\c99\common\strspn.c
		_strspn        		CODE           	0B6E	0000	51

C:\Program Files\Microchip\xc8\v2.46\pic\sources\c99\common\strspn.c estimated size: 51

shared
		_Timer2        		STRCODE        	0000	0000	0
		__initialization		CODE           	002A	0000	37
		_SPI1_Host     		STRCODE        	0000	0000	0
		_UART1         		STRCODE        	0000	0000	0
		_spi1_configuration		STRCODE        	104C	0000	10

shared estimated size: 47

C:\Program Files\Microchip\xc8\v2.46\pic\sources\c99\common\Umul16.c
		___wmul        		CODE           	0A31	0000	32

C:\Program Files\Microchip\xc8\v2.46\pic\sources\c99\common\Umul16.c estimated size: 32

C:\Program Files\Microchip\xc8\v2.46\pic\sources\c99\common\strcspn.c
		_strcspn       		CODE           	0B3B	0000	51

C:\Program Files\Microchip\xc8\v2.46\pic\sources\c99\common\strcspn.c estimated size: 51

mcc_generated_files/timer/src/tmr2.c
		_TMR2_Initialize		CODE           	09C5	0000	23
		_TMR2_OverflowCallbackRegister		CODE           	094E	0000	9

mcc_generated_files/timer/src/tmr2.c estimated size: 32

mcc_generated_files/uart/src/eusart.c
		_EUSART_FramingErrorCallbackRegister		CODE           	0985	0000	15
		_EUSART_OverrunErrorCallbackRegister		CODE           	0994	0000	15
		_EUSART_Read   		CODE           	0AA9	0000	48
		_EUSART_DefaultOverrunErrorCallback		CODE           	0939	0000	4
		_EUSART_IsRxReady		CODE           	093D	0000	8
		_EUSART_Initialize		CODE           	0A7C	0000	45
		_EUSART_RxCompleteCallbackRegister		CODE           	09A3	0000	15
		_EUSART_DefaultFramingErrorCallback		CODE           	0002	0000	1
		_EUSART_ReceiveISR		CODE           	0E30	0000	117

mcc_generated_files/uart/src/eusart.c estimated size: 268

mcc_generated_files/system/src/clock.c
		_CLOCK_Initialize		CODE           	07F6	0000	10

mcc_generated_files/system/src/clock.c estimated size: 10

ws2812/Src/ws2812_pwm.c
		_ws2812_pwm_deinit		CODE           	0A51	0000	43
		_ws2812_pwm_send		CODE           	03C5	0000	660
		_ws2812_pwm_init		CODE           	0CF8	0000	98
		_ws2812_pwm_clear		CODE           	0AD9	0000	48

ws2812/Src/ws2812_pwm.c estimated size: 849

C:\Program Files\Microchip\xc8\v2.46\pic\sources\c99\common\lite_malloc.c
		_malloc        		CODE           	0F43	0000	189

C:\Program Files\Microchip\xc8\v2.46\pic\sources\c99\common\lite_malloc.c estimated size: 189

mcc_generated_files/pwm/src/ccp1.c
		_CCP1_LoadDutyValue		CODE           	09DC	0000	25
		_CCP1_Initialize		CODE           	0957	0000	11

mcc_generated_files/pwm/src/ccp1.c estimated size: 36

main.c
		_main          		CODE           	0962	0000	11
		_Handle_UART_Data		CODE           	0BA1	0000	74

main.c estimated size: 85

mcc_generated_files/system/src/system.c
		_SYSTEM_Initialize		CODE           	09B2	0000	19

mcc_generated_files/system/src/system.c estimated size: 19

